../Core/Src/main.c:73:5:main	16	static
../Core/Src/main.c:141:6:SystemClock_Config	88	static
../Core/Src/main.c:188:13:MX_ADC1_Init	24	static
../Core/Src/main.c:258:13:MX_TIM10_Init	8	static
../Core/Src/main.c:287:13:MX_DMA_Init	16	static
../Core/Src/main.c:305:13:MX_GPIO_Init	48	static
../Core/Src/main.c:338:6:HAL_TIM_PeriodElapsedCallback	16	static
../Core/Src/main.c:346:6:tim10_clear	4	static
../Core/Src/main.c:352:10:tim10_tick	4	static
../Core/Src/main.c:357:6:tim10_wait	16	static
../Core/Src/main.c:364:8:calculate_vector	16	static
../Core/Src/main.c:374:6:Error_Handler	4	static,ignoring_inline_asm
